<html>
<body>
<pre>
<h1>µVision Build Log</h1>
<h2>Tool Versions:</h2>
IDE-Version: µVision V5.34.0.0
Copyright (C) 2021 ARM Ltd and ARM Germany GmbH. All rights reserved.
License Information: Jorge Perez, Itesm, LIC=----
 
Tool Versions:
Toolchain:       MDK-Lite  Version: 5.34.0.0
Toolchain Path:  C:\Keil_v5\ARM\ARMCLANG\Bin
C Compiler:      ArmClang.exe V6.16
Assembler:       Armasm.exe V6.16
Linker/Locator:  ArmLink.exe V6.16
Library Manager: ArmAr.exe V6.16
Hex Converter:   FromElf.exe V6.16
CPU DLL:         SARMCM3.DLL V5.34.0.0
Dialog DLL:      DARMCM1.DLL V1.19.4.0
Target DLL:      PEMicro\Pemicro_ArmCortexInterface.dll V1.3.0.0
Dialog DLL:      TARMCM1.DLL V1.14.3.0
 
<h2>Project:</h2>
C:\Users\jorge\Documents\SystemsOnChipDesign\Practica6\Practica6.uvprojx
Project File Date:  05/29/2021

<h2>Output:</h2>
*** Using Compiler 'V6.16', folder: 'C:\Keil_v5\ARM\ARMCLANG\Bin'
Build target 'Target 1'
main.c(8): warning: In file included from...
./LEDs.h(37): warning: no newline at end of file [-Wnewline-eof]
void turn_off_all_LEDs(void);
                             ^
main.c(66): warning: implicit conversion changes signedness: 'int' to 'unsigned int' [-Wsign-conversion]
        PTD->PDDR &= ~0x80; /* make PTD7 as input pin */
                  ~~ ^~~~~
main.c(69): warning: implicit conversion changes signedness: 'int' to 'unsigned int' [-Wsign-conversion]
                PTD->PDOR &= ~0x0F; /* open all switches */
                          ~~ ^~~~~
main.c(77): warning: implicit conversion changes signedness: 'int' to 'unsigned int' [-Wsign-conversion]
        PTD->PDOR &= ~0x0F; /* open all switches */
                  ~~ ^~~~~
main.c(154): warning: function 'showControls' could be declared with attribute 'noreturn' [-Wmissing-noreturn]
void showControls(void){
                       ^
main.c(199): warning: implicit conversion changes signedness: 'unsigned int' to 'int' [-Wsign-conversion]
        set_TPM_CnV(TPM1_BASE_PTR, 4, dutyVal);
        ~~~~~~~~~~~                   ^~~~~~~
6 warnings generated.
compiling main.c...
Keypad.c(70): warning: implicit conversion changes signedness: 'int' to 'unsigned int' [-Wsign-conversion]
                return row * 4 + 1; /* key in column 0 */
                ~~~~~~ ~~~~~~~~^~~
Keypad.c(72): warning: implicit conversion changes signedness: 'int' to 'unsigned int' [-Wsign-conversion]
                return row * 4 + 2; /* key in column 1 */
                ~~~~~~ ~~~~~~~~^~~
Keypad.c(74): warning: implicit conversion changes signedness: 'int' to 'unsigned int' [-Wsign-conversion]
                return row * 4 + 3; /* key in column 2 */
                ~~~~~~ ~~~~~~~~^~~
Keypad.c(76): warning: implicit conversion changes signedness: 'int' to 'unsigned int' [-Wsign-conversion]
                return row * 4 + 4; /* key in column 3 */
                ~~~~~~ ~~~~~~~~^~~
4 warnings generated.
compiling Keypad.c...
linking...
Program Size: Code=572 RO-data=468 RW-data=0 ZI-data=352  
".\Objects\Practica6.axf" - 0 Error(s), 10 Warning(s).

<h2>Software Packages used:</h2>

Package Vendor: ARM
                http://www.keil.com/pack/ARM.CMSIS.5.7.0.pack
                ARM.CMSIS.5.7.0
                CMSIS (Cortex Microcontroller Software Interface Standard)
   * Component: I2C Version: 2.4.0
   * Component: Custom Version: 1.0.0
   * Component: CORE Version: 5.4.0

Package Vendor: Keil
                http://www.keil.com/pack/Keil.Kinetis_KLxx_DFP.1.15.0.pack
                Keil.Kinetis_KLxx_DFP.1.15.0
                NXP Kinetis KLxx Series Device Support and Examples
   * Component: Startup Version: 2.5.0

<h2>Collection of Component include folders:</h2>
  .\RTE\Device\MKL25Z128xxx4
  .\RTE\_Target_1
  C:\Users\jorge\AppData\Local\Arm\Packs\ARM\CMSIS\5.7.0\CMSIS\Core\Include
  C:\Users\jorge\AppData\Local\Arm\Packs\ARM\CMSIS\5.7.0\CMSIS\Driver\Include
  C:\Users\jorge\AppData\Local\Arm\Packs\Keil\Kinetis_KLxx_DFP\1.15.0\Device\Include

<h2>Collection of Component Files used:</h2>

   * Component: ::CMSIS Driver:I2C:2.4.0 (API)
      Include file:  CMSIS\Driver\Include\Driver_I2C.h

   * Component: ARM::CMSIS Driver:I2C:Custom:1.0.0
      Source file:   CMSIS\Driver\DriverTemplates\Driver_I2C.c
      Include file:  CMSIS\Driver\Include\Driver_I2C.h

   * Component: ARM::CMSIS:CORE:5.4.0

   * Component: Keil::Device:Startup:2.5.0
      Source file:   Device\Source\ARM\startup_MKL25Z4.s
      Include file:  Device\Source\system_MKL25Z4.h
      Source file:   Device\Source\system_MKL25Z4.c
Build Time Elapsed:  00:00:01
</pre>
</body>
</html>
