<html>
<body>
<pre>
<h1>µVision Build Log</h1>
<h2>Tool Versions:</h2>
IDE-Version: µVision V5.34.0.0
Copyright (C) 2021 ARM Ltd and ARM Germany GmbH. All rights reserved.
License Information: Jorge Pérez, Tec de Monterrey, LIC=P6FWE-PTLTG-MRUG2-SJVZV-T85HB-IUFEK
 
Tool Versions:
Toolchain:       MDK-ARM Professional  Version: 5.34.0.0
Toolchain Path:  C:\Keil_v5\ARM\ARMCLANG\Bin
C Compiler:      ArmClang.exe V6.16
Assembler:       Armasm.exe V6.16
Linker/Locator:  ArmLink.exe V6.16
Library Manager: ArmAr.exe V6.16
Hex Converter:   FromElf.exe V6.16
CPU DLL:         SARMCM3.DLL V5.34.0.0
Dialog DLL:      DARMCM1.DLL V1.19.4.0
Target DLL:      UL2CM3.DLL V1.163.9.0
Dialog DLL:      TARMCM1.DLL V1.14.3.0
 
<h2>Project:</h2>
C:\Users\jorge\OneDrive\Documentos\MyCode2.0\ClassRepos\SystemsOnChipDesign\Practica3\Practica3.uvprojx
Project File Date:  05/11/2021

<h2>Output:</h2>
*** Using Compiler 'V6.16', folder: 'C:\Keil_v5\ARM\ARMCLANG\Bin'
Build target 'Target 1'
main.c(106): warning: function 'displayMenu' could be declared with attribute 'noreturn' [-Wmissing-noreturn]
void displayMenu(void){
                      ^
main.c(207): warning: comparison of integers of different signs: 'int' and 'unsigned int' [-Wsign-compare]
        for (int i = 0; i < sizeof (word); i++){
                        ~ ^ ~~~~~~~~~~~~~
main.c(352): warning: implicit conversion loses integer precision: 'int' to 'char' [-Wimplicit-int-conversion]
                return row * 4 + 1; /* key in column 0 */
                ~~~~~~ ~~~~~~~~^~~
main.c(354): warning: implicit conversion loses integer precision: 'int' to 'char' [-Wimplicit-int-conversion]
                return row * 4 + 2; /* key in column 1 */
                ~~~~~~ ~~~~~~~~^~~
main.c(356): warning: implicit conversion loses integer precision: 'int' to 'char' [-Wimplicit-int-conversion]
                return row * 4 + 3; /* key in column 2 */
                ~~~~~~ ~~~~~~~~^~~
main.c(358): warning: implicit conversion loses integer precision: 'int' to 'char' [-Wimplicit-int-conversion]
                return row * 4 + 4; /* key in column 3 */
                ~~~~~~ ~~~~~~~~^~~
6 warnings generated.
compiling main.c...
linking...
Program Size: Code=732 RO-data=308 RW-data=0 ZI-data=352  
".\Objects\Practica3.axf" - 0 Error(s), 6 Warning(s).

<h2>Software Packages used:</h2>

Package Vendor: ARM
                http://www.keil.com/pack/ARM.CMSIS.5.7.0.pack
                ARM.CMSIS.5.7.0
                CMSIS (Cortex Microcontroller Software Interface Standard)
   * Component: CORE Version: 5.4.0

Package Vendor: Keil
                http://www.keil.com/pack/Keil.Kinetis_KLxx_DFP.1.15.0.pack
                Keil.Kinetis_KLxx_DFP.1.15.0
                NXP Kinetis KLxx Series Device Support and Examples
   * Component: Startup Version: 2.5.0

<h2>Collection of Component include folders:</h2>
  .\RTE\Device\MKL25Z128xxx4
  .\RTE\_Target_1
  C:\Users\jorge\AppData\Local\Arm\Packs\ARM\CMSIS\5.7.0\CMSIS\Core\Include
  C:\Users\jorge\AppData\Local\Arm\Packs\Keil\Kinetis_KLxx_DFP\1.15.0\Device\Include

<h2>Collection of Component Files used:</h2>

   * Component: ARM::CMSIS:CORE:5.4.0

   * Component: Keil::Device:Startup:2.5.0
      Source file:   Device\Source\system_MKL25Z4.c
      Include file:  Device\Source\system_MKL25Z4.h
      Source file:   Device\Source\ARM\startup_MKL25Z4.s
Build Time Elapsed:  00:00:01
</pre>
</body>
</html>
